Archive member included because of file (symbol)

/home/rebble/.pebble-sdk/SDKs/current/sdk-core/pebble/aplite/lib/libpebble.a(tmp7jpKUopebble.o)
                              src/c/japanese-flashcards.c.33.o (app_event_loop)

Allocating common symbols
Common symbol       size              file

current_kana        0x1               src/c/japanese-flashcards.c.33.o
preset_num          0x4               src/windows/preset_confirm.c.33.o
text                0x14              src/windows/preset_confirm.c.33.o
storage_card_number
                    0x4               src/c/japanese-flashcards.c.33.o
card_num            0x4               src/c/japanese-flashcards.c.33.o
hiragana_struct     0x14              src/c/japanese-flashcards.c.33.o
katakana_struct     0x14              src/c/japanese-flashcards.c.33.o
storage_katakana_selected
                    0x4               src/c/japanese-flashcards.c.33.o
storage_hiragana_selected
                    0x4               src/c/japanese-flashcards.c.33.o

Discarded input sections

 .text          0x0000000000000000        0x0 /home/rebble/pebble-dev/pebble-sdk-4.6-rc2-linux64/arm-cs-tools/bin/../lib/gcc/arm-none-eabi/4.7.2/thumb2/crti.o
 .bss           0x0000000000000000        0x0 /home/rebble/pebble-dev/pebble-sdk-4.6-rc2-linux64/arm-cs-tools/bin/../lib/gcc/arm-none-eabi/4.7.2/thumb2/crti.o
 .init          0x0000000000000000        0x4 /home/rebble/pebble-dev/pebble-sdk-4.6-rc2-linux64/arm-cs-tools/bin/../lib/gcc/arm-none-eabi/4.7.2/thumb2/crti.o
 .fini          0x0000000000000000        0x4 /home/rebble/pebble-dev/pebble-sdk-4.6-rc2-linux64/arm-cs-tools/bin/../lib/gcc/arm-none-eabi/4.7.2/thumb2/crti.o
 .text          0x0000000000000000       0xc8 /home/rebble/pebble-dev/pebble-sdk-4.6-rc2-linux64/arm-cs-tools/bin/../lib/gcc/arm-none-eabi/4.7.2/thumb2/crtbegin.o
 .bss           0x0000000000000000       0x1c /home/rebble/pebble-dev/pebble-sdk-4.6-rc2-linux64/arm-cs-tools/bin/../lib/gcc/arm-none-eabi/4.7.2/thumb2/crtbegin.o
 .init_array    0x0000000000000000        0x4 /home/rebble/pebble-dev/pebble-sdk-4.6-rc2-linux64/arm-cs-tools/bin/../lib/gcc/arm-none-eabi/4.7.2/thumb2/crtbegin.o
 .fini_array    0x0000000000000000        0x4 /home/rebble/pebble-dev/pebble-sdk-4.6-rc2-linux64/arm-cs-tools/bin/../lib/gcc/arm-none-eabi/4.7.2/thumb2/crtbegin.o
 .eh_frame      0x0000000000000000        0x0 /home/rebble/pebble-dev/pebble-sdk-4.6-rc2-linux64/arm-cs-tools/bin/../lib/gcc/arm-none-eabi/4.7.2/thumb2/crtbegin.o
 .jcr           0x0000000000000000        0x0 /home/rebble/pebble-dev/pebble-sdk-4.6-rc2-linux64/arm-cs-tools/bin/../lib/gcc/arm-none-eabi/4.7.2/thumb2/crtbegin.o
 .tm_clone_table
                0x0000000000000000        0x0 /home/rebble/pebble-dev/pebble-sdk-4.6-rc2-linux64/arm-cs-tools/bin/../lib/gcc/arm-none-eabi/4.7.2/thumb2/crtbegin.o
 .text          0x0000000000000000        0x0 src/c/japanese-flashcards.c.33.o
 .bss           0x0000000000000000        0x0 src/c/japanese-flashcards.c.33.o
 .text          0x0000000000000000        0x0 src/windows/card_num.c.33.o
 .bss           0x0000000000000000        0x0 src/windows/card_num.c.33.o
 .text          0x0000000000000000        0x0 src/windows/flashcards.c.33.o
 .bss           0x0000000000000000        0x0 src/windows/flashcards.c.33.o
 .text.swap     0x0000000000000000        0xa src/windows/flashcards.c.33.o
 .text          0x0000000000000000        0x0 src/windows/help.c.33.o
 .bss           0x0000000000000000        0x0 src/windows/help.c.33.o
 .text          0x0000000000000000        0x0 src/windows/kana.c.33.o
 .bss           0x0000000000000000        0x0 src/windows/kana.c.33.o
 .text          0x0000000000000000        0x0 src/windows/preset_confirm.c.33.o
 .bss           0x0000000000000000        0x0 src/windows/preset_confirm.c.33.o
 .text          0x0000000000000000        0x0 src/windows/presets.c.33.o
 .bss           0x0000000000000000        0x0 src/windows/presets.c.33.o
 .text          0x0000000000000000        0x0 src/windows/settings.c.33.o
 .bss           0x0000000000000000        0x0 src/windows/settings.c.33.o
 .text          0x0000000000000000        0x0 src/windows/warning.c.33.o
 .bss           0x0000000000000000        0x0 src/windows/warning.c.33.o
 .text          0x0000000000000000        0x0 aplite/appinfo.auto.c.33.o
 .bss           0x0000000000000000        0x0 aplite/appinfo.auto.c.33.o
 .text          0x0000000000000000        0x0 aplite/src/resource_ids.auto.c.33.o
 .bss           0x0000000000000000        0x0 aplite/src/resource_ids.auto.c.33.o
 .data.RESOURCE_ID_K_NE
                0x0000000000000000        0x4 aplite/src/resource_ids.auto.c.33.o
 .data.RESOURCE_ID_H_SU
                0x0000000000000000        0x4 aplite/src/resource_ids.auto.c.33.o
 .data.RESOURCE_ID_H_DA
                0x0000000000000000        0x4 aplite/src/resource_ids.auto.c.33.o
 .data.RESOURCE_ID_K_NI
                0x0000000000000000        0x4 aplite/src/resource_ids.auto.c.33.o
[...]
Memory Configuration

Name             Origin             Length             Attributes
APP              0x0000000000000000 0x0000000000006000 xrw
*default*        0x0000000000000000 0xffffffffffffffff

Linker script and memory map

LOAD /home/rebble/pebble-dev/pebble-sdk-4.6-rc2-linux64/arm-cs-tools/bin/../lib/gcc/arm-none-eabi/4.7.2/thumb2/crti.o
LOAD /home/rebble/pebble-dev/pebble-sdk-4.6-rc2-linux64/arm-cs-tools/bin/../lib/gcc/arm-none-eabi/4.7.2/thumb2/crtbegin.o
LOAD src/c/japanese-flashcards.c.33.o
LOAD src/windows/card_num.c.33.o
LOAD src/windows/flashcards.c.33.o
LOAD src/windows/help.c.33.o
LOAD src/windows/kana.c.33.o
LOAD src/windows/preset_confirm.c.33.o
LOAD src/windows/presets.c.33.o
LOAD src/windows/settings.c.33.o
LOAD src/windows/warning.c.33.o
LOAD aplite/appinfo.auto.c.33.o
LOAD aplite/src/resource_ids.auto.c.33.o
LOAD /home/rebble/.pebble-sdk/SDKs/current/sdk-core/pebble/aplite/lib/libpebble.a
START GROUP
LOAD /home/rebble/pebble-dev/pebble-sdk-4.6-rc2-linux64/arm-cs-tools/bin/../lib/gcc/arm-none-eabi/4.7.2/thumb2/libgcc.a
LOAD /home/rebble/pebble-dev/pebble-sdk-4.6-rc2-linux64/arm-cs-tools/bin/../lib/gcc/arm-none-eabi/4.7.2/../../../../arm-none-eabi/lib/thumb2/libc.a
END GROUP
LOAD /home/rebble/pebble-dev/pebble-sdk-4.6-rc2-linux64/arm-cs-tools/bin/../lib/gcc/arm-none-eabi/4.7.2/thumb2/crtend.o
LOAD /home/rebble/pebble-dev/pebble-sdk-4.6-rc2-linux64/arm-cs-tools/bin/../lib/gcc/arm-none-eabi/4.7.2/thumb2/crtn.o

.header         0x0000000000000000       0x82
 *(.pbl_header)
 .pbl_header    0x0000000000000000       0x82 aplite/appinfo.auto.c.33.o
                0x0000000000000000                __pbl_app_info

.note.gnu.build-id
                0x0000000000000082       0x26
                0x0000000000000082                PROVIDE (BUILD_ID, .)
 *(.note.gnu.build-id)
 *fill*         0x0000000000000082        0x2 
 .note.gnu.build-id
                0x0000000000000084       0x24 linker stubs

.text           0x00000000000000a8     0x2f16
 *(.text)
 .text          0x00000000000000a8       0x14 /home/rebble/.pebble-sdk/SDKs/current/sdk-core/pebble/aplite/lib/libpebble.a(tmp7jpKUopebble.o)
 *(.text.*)
 .text.get_num_rows_callback
                0x00000000000000bc        0x4 src/c/japanese-flashcards.c.33.o
 .text.menu_get_header_height_callback
                0x00000000000000c0        0x4 src/c/japanese-flashcards.c.33.o
 .text.get_cell_height_callback
                0x00000000000000c4        0x4 src/c/japanese-flashcards.c.33.o
 .text.window_unload
                0x00000000000000c8       0x24 src/c/japanese-flashcards.c.33.o
 .text.menu_draw_header_callback
                0x00000000000000ec        0xc src/c/japanese-flashcards.c.33.o
 .text.draw_row_callback
                0x00000000000000f8       0x48 src/c/japanese-flashcards.c.33.o
 .text.startup.main
                0x0000000000000140       0x58 src/c/japanese-flashcards.c.33.o
                0x0000000000000140                main
 .text.get_persistent_data
                0x0000000000000198       0xd4 src/c/japanese-flashcards.c.33.o
                0x0000000000000198                get_persistent_data
 .text.window_load
                0x000000000000026c      0x108 src/c/japanese-flashcards.c.33.o
 .text.is_kana_selected
                0x0000000000000374       0x30 src/c/japanese-flashcards.c.33.o
                0x0000000000000374                is_kana_selected
 .text.select_callback
                0x00000000000003a4       0x38 src/c/japanese-flashcards.c.33.o
 .text.get_num_rows_callback
                0x00000000000003dc        0x4 src/windows/card_num.c.33.o
 .text.menu_get_header_height_callback
                0x00000000000003e0        0x4 src/windows/card_num.c.33.o
 .text.get_cell_height_callback
                0x00000000000003e4        0x4 src/windows/card_num.c.33.o
 .text.window_unload
                0x00000000000003e8       0x34 src/windows/card_num.c.33.o
 .text.window_load
                0x000000000000041c      0x13c src/windows/card_num.c.33.o
 .text.select_callback
                0x0000000000000558       0x3c src/windows/card_num.c.33.o
 .text.menu_draw_header_callback
                0x0000000000000594        0xc src/windows/card_num.c.33.o
 .text.draw_row_callback
                0x00000000000005a0       0xa4 src/windows/card_num.c.33.o
 .text.card_num_window_push
                0x0000000000000644       0x58 src/windows/card_num.c.33.o
                0x0000000000000644                card_num_window_push
 .text.click_config_provider
                0x000000000000069c       0x30 src/windows/flashcards.c.33.o
 .text.flashcards_window_push
                0x00000000000006cc       0x58 src/windows/flashcards.c.33.o
                0x00000000000006cc                flashcards_window_push
 .text.reset_card
                0x0000000000000724      0x204 src/windows/flashcards.c.33.o
                0x0000000000000724                reset_card
 .text.click_forward_handler
                0x0000000000000928       0x24 src/windows/flashcards.c.33.o
 .text.click_back_handler
                0x000000000000094c       0x2c src/windows/flashcards.c.33.o
 .text.reset_deck
                0x0000000000000978       0x20 src/windows/flashcards.c.33.o
                0x0000000000000978                reset_deck
 .text.window_unload
                0x0000000000000998       0xc8 src/windows/flashcards.c.33.o
 .text.randomize
                0x0000000000000a60       0x32 src/windows/flashcards.c.33.o
                0x0000000000000a60                randomize
 *fill*         0x0000000000000a92        0x2 
 .text.create_new_deck
                0x0000000000000a94      0x1f4 src/windows/flashcards.c.33.o
                0x0000000000000a94                create_new_deck
 .text.window_load
                0x0000000000000c88      0x328 src/windows/flashcards.c.33.o
 .text.click_center_handler
                0x0000000000000fb0       0x48 src/windows/flashcards.c.33.o
 .text.anim_stopped_handler
                0x0000000000000ff8       0x10 src/windows/help.c.33.o
 .text.window_unload
                0x0000000000001008       0x34 src/windows/help.c.33.o
 .text.window_appear
                0x000000000000103c      0x12c src/windows/help.c.33.o
 .text.window_load
                0x0000000000001168      0x14c src/windows/help.c.33.o
 .text.background_update_proc
                0x00000000000012b4       0x2a src/windows/help.c.33.o
 *fill*         0x00000000000012de        0x2 
 .text.click_config_provider
                0x00000000000012e0       0x28 src/windows/help.c.33.o
 .text.click_handler
                0x0000000000001308        0x6 src/windows/help.c.33.o
 *fill*         0x000000000000130e        0x2 
 .text.help_window_push
                0x0000000000001310       0x6c src/windows/help.c.33.o
                0x0000000000001310                help_window_push
 .text.get_num_rows_callback
                0x000000000000137c        0x4 src/windows/kana.c.33.o
 .text.menu_get_header_height_callback
                0x0000000000001380        0x4 src/windows/kana.c.33.o
 .text.get_cell_height_callback
                0x0000000000001384        0x4 src/windows/kana.c.33.o
 .text.window_unload
                0x0000000000001388       0x50 src/windows/kana.c.33.o
 .text.window_load
                0x00000000000013d8      0x124 src/windows/kana.c.33.o
 .text.select_callback
                0x00000000000014fc       0x6c src/windows/kana.c.33.o
 .text.menu_draw_header_callback
                0x0000000000001568       0x2c src/windows/kana.c.33.o
 .text.draw_row_callback
                0x0000000000001594      0x1a4 src/windows/kana.c.33.o
 .text.kana_window_push
                0x0000000000001738       0x58 src/windows/kana.c.33.o
                0x0000000000001738                kana_window_push
 .text.window_unload
                0x0000000000001790       0x6c src/windows/preset_confirm.c.33.o
 .text.click_config_provider
                0x00000000000017fc       0x24 src/windows/preset_confirm.c.33.o
 .text.click_decline_handler
                0x0000000000001820        0x6 src/windows/preset_confirm.c.33.o
 *fill*         0x0000000000001826        0x2 
 .text.click_accept_handler
                0x0000000000001828      0x19c src/windows/preset_confirm.c.33.o
 .text.preset_confirm_window_push
                0x00000000000019c4       0x60 src/windows/preset_confirm.c.33.o
                0x00000000000019c4                preset_confirm_window_push
 .text.get_name
                0x0000000000001a24       0xf0 src/windows/preset_confirm.c.33.o
                0x0000000000001a24                get_name
 .text.window_load
                0x0000000000001b14      0x174 src/windows/preset_confirm.c.33.o
 .text.menu_get_header_height_callback
                0x0000000000001c88        0x4 src/windows/presets.c.33.o
 .text.get_num_rows_callback
                0x0000000000001c8c        0x4 src/windows/presets.c.33.o
 .text.get_cell_height_callback
                0x0000000000001c90        0x4 src/windows/presets.c.33.o
 .text.window_unload
                0x0000000000001c94       0x34 src/windows/presets.c.33.o
 .text.window_load
                0x0000000000001cc8      0x104 src/windows/presets.c.33.o
 .text.select_callback
                0x0000000000001dcc       0x18 src/windows/presets.c.33.o
 .text.menu_draw_header_callback
                0x0000000000001de4        0xc src/windows/presets.c.33.o
 .text.draw_row_callback
                0x0000000000001df0       0x2c src/windows/presets.c.33.o
 .text.presets_window_push
                0x0000000000001e1c       0x58 src/windows/presets.c.33.o
                0x0000000000001e1c                presets_window_push
 .text.get_num_rows_callback
                0x0000000000001e74        0x4 src/windows/settings.c.33.o
 .text.menu_get_header_height_callback
                0x0000000000001e78        0x4 src/windows/settings.c.33.o
 .text.get_cell_height_callback
                0x0000000000001e7c        0x4 src/windows/settings.c.33.o
 .text.window_unload
                0x0000000000001e80       0x34 src/windows/settings.c.33.o
 .text.window_load
                0x0000000000001eb4      0x104 src/windows/settings.c.33.o
 .text.select_callback
                0x0000000000001fb8       0x38 src/windows/settings.c.33.o
 .text.menu_draw_header_callback
                0x0000000000001ff0        0xc src/windows/settings.c.33.o
 .text.draw_row_callback
                0x0000000000001ffc       0xa0 src/windows/settings.c.33.o
 .text.settings_window_push
                0x000000000000209c       0x64 src/windows/settings.c.33.o
                0x000000000000209c                settings_window_push
 .text.set_kana_description
                0x0000000000002100      0x114 src/windows/settings.c.33.o
                0x0000000000002100                set_kana_description
 .text.window_appear
                0x0000000000002214       0x18 src/windows/settings.c.33.o
 .text.anim_stopped_handler
                0x000000000000222c       0x10 src/windows/warning.c.33.o
 .text.window_unload
                0x000000000000223c       0x50 src/windows/warning.c.33.o
 .text.window_appear
                0x000000000000228c      0x140 src/windows/warning.c.33.o
 .text.window_load
                0x00000000000023cc      0x148 src/windows/warning.c.33.o
 .text.icon_update_proc
                0x0000000000002514       0x44 src/windows/warning.c.33.o
 .text.background_update_proc
                0x0000000000002558       0x2a src/windows/warning.c.33.o
 *fill*         0x0000000000002582        0x2 
 .text.click_config_provider
                0x0000000000002584       0x28 src/windows/warning.c.33.o
 .text.click_handler
                0x00000000000025ac        0x6 src/windows/warning.c.33.o
 *fill*         0x00000000000025b2        0x2 
 .text.warning_window_push
                0x00000000000025b4       0x6c src/windows/warning.c.33.o
                0x00000000000025b4                warning_window_push
 .text.app_event_loop
                0x0000000000002620        0xc /home/rebble/.pebble-sdk/SDKs/current/sdk-core/pebble/aplite/lib/libpebble.a(tmp7jpKUopebble.o)
                0x0000000000002620                app_event_loop
 .text.app_log  0x000000000000262c        0xc /home/rebble/.pebble-sdk/SDKs/current/sdk-core/pebble/aplite/lib/libpebble.a(tmp7jpKUopebble.o)
                0x000000000000262c                app_log
 .text.bitmap_layer_create
                0x0000000000002638        0xc /home/rebble/.pebble-sdk/SDKs/current/sdk-core/pebble/aplite/lib/libpebble.a(tmp7jpKUopebble.o)
                0x0000000000002638                bitmap_layer_create
 .text.bitmap_layer_destroy
                0x0000000000002644        0xc /home/rebble/.pebble-sdk/SDKs/current/sdk-core/pebble/aplite/lib/libpebble.a(tmp7jpKUopebble.o)
                0x0000000000002644                bitmap_layer_destroy
 .text.bitmap_layer_get_layer
                0x0000000000002650        0xc /home/rebble/.pebble-sdk/SDKs/current/sdk-core/pebble/aplite/lib/libpebble.a(tmp7jpKUopebble.o)
                0x0000000000002650                bitmap_layer_get_layer
 .text.bitmap_layer_set_bitmap
                0x000000000000265c        0xc /home/rebble/.pebble-sdk/SDKs/current/sdk-core/pebble/aplite/lib/libpebble.a(tmp7jpKUopebble.o)
                0x000000000000265c                bitmap_layer_set_bitmap
 .text.bitmap_layer_set_compositing_mode
                0x0000000000002668        0xc /home/rebble/.pebble-sdk/SDKs/current/sdk-core/pebble/aplite/lib/libpebble.a(tmp7jpKUopebble.o)
                0x0000000000002668                bitmap_layer_set_compositing_mode
 .text.fonts_get_system_font
                0x0000000000002674        0xc /home/rebble/.pebble-sdk/SDKs/current/sdk-core/pebble/aplite/lib/libpebble.a(tmp7jpKUopebble.o)
                0x0000000000002674                fonts_get_system_font
 .text.free     0x0000000000002680        0xc /home/rebble/.pebble-sdk/SDKs/current/sdk-core/pebble/aplite/lib/libpebble.a(tmp7jpKUopebble.o)
                0x0000000000002680                free
 .text.gbitmap_create_as_sub_bitmap
                0x000000000000268c        0xc /home/rebble/.pebble-sdk/SDKs/current/sdk-core/pebble/aplite/lib/libpebble.a(tmp7jpKUopebble.o)
                0x000000000000268c                gbitmap_create_as_sub_bitmap
 .text.gbitmap_create_with_resource
                0x0000000000002698        0xc /home/rebble/.pebble-sdk/SDKs/current/sdk-core/pebble/aplite/lib/libpebble.a(tmp7jpKUopebble.o)
                0x0000000000002698                gbitmap_create_with_resource
 .text.gbitmap_destroy
                0x00000000000026a4        0xc /home/rebble/.pebble-sdk/SDKs/current/sdk-core/pebble/aplite/lib/libpebble.a(tmp7jpKUopebble.o)
                0x00000000000026a4                gbitmap_destroy
 .text.graphics_context_set_compositing_mode
                0x00000000000026b0        0xc /home/rebble/.pebble-sdk/SDKs/current/sdk-core/pebble/aplite/lib/libpebble.a(tmp7jpKUopebble.o)
                0x00000000000026b0                graphics_context_set_compositing_mode
 .text.graphics_draw_bitmap_in_rect
                0x00000000000026bc        0xc /home/rebble/.pebble-sdk/SDKs/current/sdk-core/pebble/aplite/lib/libpebble.a(tmp7jpKUopebble.o)
                0x00000000000026bc                graphics_draw_bitmap_in_rect
 .text.graphics_draw_circle
                0x00000000000026c8        0xc /home/rebble/.pebble-sdk/SDKs/current/sdk-core/pebble/aplite/lib/libpebble.a(tmp7jpKUopebble.o)
                0x00000000000026c8                graphics_draw_circle
 .text.graphics_draw_rect
                0x00000000000026d4        0xc /home/rebble/.pebble-sdk/SDKs/current/sdk-core/pebble/aplite/lib/libpebble.a(tmp7jpKUopebble.o)
                0x00000000000026d4                graphics_draw_rect
 .text.graphics_fill_circle
                0x00000000000026e0        0xc /home/rebble/.pebble-sdk/SDKs/current/sdk-core/pebble/aplite/lib/libpebble.a(tmp7jpKUopebble.o)
                0x00000000000026e0                graphics_fill_circle
 .text.graphics_fill_rect
                0x00000000000026ec        0xc /home/rebble/.pebble-sdk/SDKs/current/sdk-core/pebble/aplite/lib/libpebble.a(tmp7jpKUopebble.o)
                0x00000000000026ec                graphics_fill_rect
 .text.layer_add_child
                0x00000000000026f8        0xc /home/rebble/.pebble-sdk/SDKs/current/sdk-core/pebble/aplite/lib/libpebble.a(tmp7jpKUopebble.o)
                0x00000000000026f8                layer_add_child
 .text.layer_create
                0x0000000000002704        0xc /home/rebble/.pebble-sdk/SDKs/current/sdk-core/pebble/aplite/lib/libpebble.a(tmp7jpKUopebble.o)
                0x0000000000002704                layer_create
 .text.layer_destroy
                0x0000000000002710        0xc /home/rebble/.pebble-sdk/SDKs/current/sdk-core/pebble/aplite/lib/libpebble.a(tmp7jpKUopebble.o)
                0x0000000000002710                layer_destroy
 .text.layer_get_bounds
                0x000000000000271c        0xc /home/rebble/.pebble-sdk/SDKs/current/sdk-core/pebble/aplite/lib/libpebble.a(tmp7jpKUopebble.o)
                0x000000000000271c                layer_get_bounds
 .text.layer_get_frame
                0x0000000000002728        0xc /home/rebble/.pebble-sdk/SDKs/current/sdk-core/pebble/aplite/lib/libpebble.a(tmp7jpKUopebble.o)
                0x0000000000002728                layer_get_frame
 .text.layer_get_hidden
                0x0000000000002734        0xc /home/rebble/.pebble-sdk/SDKs/current/sdk-core/pebble/aplite/lib/libpebble.a(tmp7jpKUopebble.o)
                0x0000000000002734                layer_get_hidden
 .text.layer_set_frame
                0x0000000000002740        0xc /home/rebble/.pebble-sdk/SDKs/current/sdk-core/pebble/aplite/lib/libpebble.a(tmp7jpKUopebble.o)
                0x0000000000002740                layer_set_frame
 .text.layer_set_hidden
                0x000000000000274c        0xc /home/rebble/.pebble-sdk/SDKs/current/sdk-core/pebble/aplite/lib/libpebble.a(tmp7jpKUopebble.o)
                0x000000000000274c                layer_set_hidden
 .text.layer_set_update_proc
                0x0000000000002758        0xc /home/rebble/.pebble-sdk/SDKs/current/sdk-core/pebble/aplite/lib/libpebble.a(tmp7jpKUopebble.o)
                0x0000000000002758                layer_set_update_proc
 .text.malloc   0x0000000000002764        0xc /home/rebble/.pebble-sdk/SDKs/current/sdk-core/pebble/aplite/lib/libpebble.a(tmp7jpKUopebble.o)
                0x0000000000002764                malloc
 .text.memcpy   0x0000000000002770        0xc /home/rebble/.pebble-sdk/SDKs/current/sdk-core/pebble/aplite/lib/libpebble.a(tmp7jpKUopebble.o)
                0x0000000000002770                memcpy
 .text.memset   0x000000000000277c        0xc /home/rebble/.pebble-sdk/SDKs/current/sdk-core/pebble/aplite/lib/libpebble.a(tmp7jpKUopebble.o)
                0x000000000000277c                memset
 .text.menu_cell_basic_draw
                0x0000000000002788        0xc /home/rebble/.pebble-sdk/SDKs/current/sdk-core/pebble/aplite/lib/libpebble.a(tmp7jpKUopebble.o)
                0x0000000000002788                menu_cell_basic_draw
 .text.menu_cell_basic_header_draw
                0x0000000000002794        0xc /home/rebble/.pebble-sdk/SDKs/current/sdk-core/pebble/aplite/lib/libpebble.a(tmp7jpKUopebble.o)
                0x0000000000002794                menu_cell_basic_header_draw
 .text.menu_layer_destroy
                0x00000000000027a0        0xc /home/rebble/.pebble-sdk/SDKs/current/sdk-core/pebble/aplite/lib/libpebble.a(tmp7jpKUopebble.o)
                0x00000000000027a0                menu_layer_destroy
 .text.menu_layer_get_layer
                0x00000000000027ac        0xc /home/rebble/.pebble-sdk/SDKs/current/sdk-core/pebble/aplite/lib/libpebble.a(tmp7jpKUopebble.o)
                0x00000000000027ac                menu_layer_get_layer
 .text.menu_layer_reload_data
                0x00000000000027b8        0xc /home/rebble/.pebble-sdk/SDKs/current/sdk-core/pebble/aplite/lib/libpebble.a(tmp7jpKUopebble.o)
                0x00000000000027b8                menu_layer_reload_data
 .text.menu_layer_set_click_config_onto_window
                0x00000000000027c4        0xc /home/rebble/.pebble-sdk/SDKs/current/sdk-core/pebble/aplite/lib/libpebble.a(tmp7jpKUopebble.o)
                0x00000000000027c4                menu_layer_set_click_config_onto_window
 .text.persist_exists
                0x00000000000027d0        0xc /home/rebble/.pebble-sdk/SDKs/current/sdk-core/pebble/aplite/lib/libpebble.a(tmp7jpKUopebble.o)
                0x00000000000027d0                persist_exists
 .text.persist_read_int
                0x00000000000027dc        0xc /home/rebble/.pebble-sdk/SDKs/current/sdk-core/pebble/aplite/lib/libpebble.a(tmp7jpKUopebble.o)
                0x00000000000027dc                persist_read_int
 .text.persist_write_int
                0x00000000000027e8        0xc /home/rebble/.pebble-sdk/SDKs/current/sdk-core/pebble/aplite/lib/libpebble.a(tmp7jpKUopebble.o)
                0x00000000000027e8                persist_write_int
 .text.rand     0x00000000000027f4        0xc /home/rebble/.pebble-sdk/SDKs/current/sdk-core/pebble/aplite/lib/libpebble.a(tmp7jpKUopebble.o)
                0x00000000000027f4                rand
 .text.snprintf
                0x0000000000002800        0xc /home/rebble/.pebble-sdk/SDKs/current/sdk-core/pebble/aplite/lib/libpebble.a(tmp7jpKUopebble.o)
                0x0000000000002800                snprintf
 .text.srand    0x000000000000280c        0xc /home/rebble/.pebble-sdk/SDKs/current/sdk-core/pebble/aplite/lib/libpebble.a(tmp7jpKUopebble.o)
                0x000000000000280c                srand
 .text.strcat   0x0000000000002818        0xc /home/rebble/.pebble-sdk/SDKs/current/sdk-core/pebble/aplite/lib/libpebble.a(tmp7jpKUopebble.o)
                0x0000000000002818                strcat
 .text.strcmp   0x0000000000002824        0xc /home/rebble/.pebble-sdk/SDKs/current/sdk-core/pebble/aplite/lib/libpebble.a(tmp7jpKUopebble.o)
                0x0000000000002824                strcmp
 .text.strcpy   0x0000000000002830        0xc /home/rebble/.pebble-sdk/SDKs/current/sdk-core/pebble/aplite/lib/libpebble.a(tmp7jpKUopebble.o)
                0x0000000000002830                strcpy
 .text.strlen   0x000000000000283c        0xc /home/rebble/.pebble-sdk/SDKs/current/sdk-core/pebble/aplite/lib/libpebble.a(tmp7jpKUopebble.o)
                0x000000000000283c                strlen
 .text.window_create
                0x0000000000002848        0xc /home/rebble/.pebble-sdk/SDKs/current/sdk-core/pebble/aplite/lib/libpebble.a(tmp7jpKUopebble.o)
                0x0000000000002848                window_create
 .text.window_destroy
                0x0000000000002854        0xc /home/rebble/.pebble-sdk/SDKs/current/sdk-core/pebble/aplite/lib/libpebble.a(tmp7jpKUopebble.o)
                0x0000000000002854                window_destroy
 .text.window_get_root_layer
                0x0000000000002860        0xc /home/rebble/.pebble-sdk/SDKs/current/sdk-core/pebble/aplite/lib/libpebble.a(tmp7jpKUopebble.o)
                0x0000000000002860                window_get_root_layer
 .text.window_set_click_config_provider
                0x000000000000286c        0xc /home/rebble/.pebble-sdk/SDKs/current/sdk-core/pebble/aplite/lib/libpebble.a(tmp7jpKUopebble.o)
                0x000000000000286c                window_set_click_config_provider
 .text.window_set_window_handlers
                0x0000000000002878        0xc /home/rebble/.pebble-sdk/SDKs/current/sdk-core/pebble/aplite/lib/libpebble.a(tmp7jpKUopebble.o)
                0x0000000000002878                window_set_window_handlers
 .text.window_stack_pop
                0x0000000000002884        0xc /home/rebble/.pebble-sdk/SDKs/current/sdk-core/pebble/aplite/lib/libpebble.a(tmp7jpKUopebble.o)
                0x0000000000002884                window_stack_pop
 .text.window_stack_push
                0x0000000000002890        0xc /home/rebble/.pebble-sdk/SDKs/current/sdk-core/pebble/aplite/lib/libpebble.a(tmp7jpKUopebble.o)
                0x0000000000002890                window_stack_push
 .text.window_single_click_subscribe
                0x000000000000289c        0xc /home/rebble/.pebble-sdk/SDKs/current/sdk-core/pebble/aplite/lib/libpebble.a(tmp7jpKUopebble.o)
                0x000000000000289c                window_single_click_subscribe
 .text.persist_read_data
                0x00000000000028a8        0xc /home/rebble/.pebble-sdk/SDKs/current/sdk-core/pebble/aplite/lib/libpebble.a(tmp7jpKUopebble.o)
                0x00000000000028a8                persist_read_data
 .text.persist_write_data
                0x00000000000028b4        0xc /home/rebble/.pebble-sdk/SDKs/current/sdk-core/pebble/aplite/lib/libpebble.a(tmp7jpKUopebble.o)
                0x00000000000028b4                persist_write_data
 .text.graphics_context_set_fill_color
                0x00000000000028c0        0xc /home/rebble/.pebble-sdk/SDKs/current/sdk-core/pebble/aplite/lib/libpebble.a(tmp7jpKUopebble.o)
                0x00000000000028c0                graphics_context_set_fill_color
 .text.graphics_context_set_stroke_color
                0x00000000000028cc        0xc /home/rebble/.pebble-sdk/SDKs/current/sdk-core/pebble/aplite/lib/libpebble.a(tmp7jpKUopebble.o)
                0x00000000000028cc                graphics_context_set_stroke_color
 .text.window_set_background_color
                0x00000000000028d8        0xc /home/rebble/.pebble-sdk/SDKs/current/sdk-core/pebble/aplite/lib/libpebble.a(tmp7jpKUopebble.o)
                0x00000000000028d8                window_set_background_color
 .text.animation_schedule
                0x00000000000028e4        0xc /home/rebble/.pebble-sdk/SDKs/current/sdk-core/pebble/aplite/lib/libpebble.a(tmp7jpKUopebble.o)
                0x00000000000028e4                animation_schedule
 .text.animation_set_delay
                0x00000000000028f0        0xc /home/rebble/.pebble-sdk/SDKs/current/sdk-core/pebble/aplite/lib/libpebble.a(tmp7jpKUopebble.o)
                0x00000000000028f0                animation_set_delay
 .text.animation_set_handlers
                0x00000000000028fc        0xc /home/rebble/.pebble-sdk/SDKs/current/sdk-core/pebble/aplite/lib/libpebble.a(tmp7jpKUopebble.o)
                0x00000000000028fc                animation_set_handlers
 .text.animation_unschedule
                0x0000000000002908        0xc /home/rebble/.pebble-sdk/SDKs/current/sdk-core/pebble/aplite/lib/libpebble.a(tmp7jpKUopebble.o)
                0x0000000000002908                animation_unschedule
 .text.property_animation_create_layer_frame
                0x0000000000002914        0xc /home/rebble/.pebble-sdk/SDKs/current/sdk-core/pebble/aplite/lib/libpebble.a(tmp7jpKUopebble.o)
                0x0000000000002914                property_animation_create_layer_frame
 .text.gbitmap_get_bounds
                0x0000000000002920        0xc /home/rebble/.pebble-sdk/SDKs/current/sdk-core/pebble/aplite/lib/libpebble.a(tmp7jpKUopebble.o)
                0x0000000000002920                gbitmap_get_bounds
 .text.gbitmap_get_data
                0x000000000000292c        0xc /home/rebble/.pebble-sdk/SDKs/current/sdk-core/pebble/aplite/lib/libpebble.a(tmp7jpKUopebble.o)
                0x000000000000292c                gbitmap_get_data
 .text.animation_spawn_create
                0x0000000000002938        0xc /home/rebble/.pebble-sdk/SDKs/current/sdk-core/pebble/aplite/lib/libpebble.a(tmp7jpKUopebble.o)
                0x0000000000002938                animation_spawn_create
 .text.menu_layer_create
                0x0000000000002944        0xc /home/rebble/.pebble-sdk/SDKs/current/sdk-core/pebble/aplite/lib/libpebble.a(tmp7jpKUopebble.o)
                0x0000000000002944                menu_layer_create
 .text.action_bar_layer_add_to_window
                0x0000000000002950        0xc /home/rebble/.pebble-sdk/SDKs/current/sdk-core/pebble/aplite/lib/libpebble.a(tmp7jpKUopebble.o)
                0x0000000000002950                action_bar_layer_add_to_window
 .text.action_bar_layer_create
                0x000000000000295c        0xc /home/rebble/.pebble-sdk/SDKs/current/sdk-core/pebble/aplite/lib/libpebble.a(tmp7jpKUopebble.o)
                0x000000000000295c                action_bar_layer_create
 .text.action_bar_layer_destroy
                0x0000000000002968        0xc /home/rebble/.pebble-sdk/SDKs/current/sdk-core/pebble/aplite/lib/libpebble.a(tmp7jpKUopebble.o)
                0x0000000000002968                action_bar_layer_destroy
 .text.action_bar_layer_set_click_config_provider
                0x0000000000002974        0xc /home/rebble/.pebble-sdk/SDKs/current/sdk-core/pebble/aplite/lib/libpebble.a(tmp7jpKUopebble.o)
                0x0000000000002974                action_bar_layer_set_click_config_provider
 .text.action_bar_layer_set_icon
                0x0000000000002980        0xc /home/rebble/.pebble-sdk/SDKs/current/sdk-core/pebble/aplite/lib/libpebble.a(tmp7jpKUopebble.o)
                0x0000000000002980                action_bar_layer_set_icon
 .text.menu_cell_layer_is_highlighted
                0x000000000000298c        0xc /home/rebble/.pebble-sdk/SDKs/current/sdk-core/pebble/aplite/lib/libpebble.a(tmp7jpKUopebble.o)
                0x000000000000298c                menu_cell_layer_is_highlighted
 .text.text_layer_create
                0x0000000000002998        0xc /home/rebble/.pebble-sdk/SDKs/current/sdk-core/pebble/aplite/lib/libpebble.a(tmp7jpKUopebble.o)
                0x0000000000002998                text_layer_create
 .text.text_layer_destroy
                0x00000000000029a4        0xc /home/rebble/.pebble-sdk/SDKs/current/sdk-core/pebble/aplite/lib/libpebble.a(tmp7jpKUopebble.o)
                0x00000000000029a4                text_layer_destroy
 .text.text_layer_get_layer
                0x00000000000029b0        0xc /home/rebble/.pebble-sdk/SDKs/current/sdk-core/pebble/aplite/lib/libpebble.a(tmp7jpKUopebble.o)
                0x00000000000029b0                text_layer_get_layer
 .text.text_layer_set_background_color
                0x00000000000029bc        0xc /home/rebble/.pebble-sdk/SDKs/current/sdk-core/pebble/aplite/lib/libpebble.a(tmp7jpKUopebble.o)
                0x00000000000029bc                text_layer_set_background_color
 .text.text_layer_set_font
                0x00000000000029c8        0xc /home/rebble/.pebble-sdk/SDKs/current/sdk-core/pebble/aplite/lib/libpebble.a(tmp7jpKUopebble.o)
                0x00000000000029c8                text_layer_set_font
 .text.text_layer_set_text
                0x00000000000029d4        0xc /home/rebble/.pebble-sdk/SDKs/current/sdk-core/pebble/aplite/lib/libpebble.a(tmp7jpKUopebble.o)
                0x00000000000029d4                text_layer_set_text
 .text.text_layer_set_text_alignment
                0x00000000000029e0        0xc /home/rebble/.pebble-sdk/SDKs/current/sdk-core/pebble/aplite/lib/libpebble.a(tmp7jpKUopebble.o)
                0x00000000000029e0                text_layer_set_text_alignment
 .text.time     0x00000000000029ec        0xc /home/rebble/.pebble-sdk/SDKs/current/sdk-core/pebble/aplite/lib/libpebble.a(tmp7jpKUopebble.o)
                0x00000000000029ec                time
 .text.menu_layer_set_callbacks
                0x00000000000029f8        0xc /home/rebble/.pebble-sdk/SDKs/current/sdk-core/pebble/aplite/lib/libpebble.a(tmp7jpKUopebble.o)
                0x00000000000029f8                menu_layer_set_callbacks
 .text.status_bar_layer_create
                0x0000000000002a04        0xc /home/rebble/.pebble-sdk/SDKs/current/sdk-core/pebble/aplite/lib/libpebble.a(tmp7jpKUopebble.o)
                0x0000000000002a04                status_bar_layer_create
 .text.status_bar_layer_destroy
                0x0000000000002a10        0xc /home/rebble/.pebble-sdk/SDKs/current/sdk-core/pebble/aplite/lib/libpebble.a(tmp7jpKUopebble.o)
                0x0000000000002a10                status_bar_layer_destroy
 .text.status_bar_layer_get_layer
                0x0000000000002a1c        0xc /home/rebble/.pebble-sdk/SDKs/current/sdk-core/pebble/aplite/lib/libpebble.a(tmp7jpKUopebble.o)
                0x0000000000002a1c                status_bar_layer_get_layer
 .text.status_bar_layer_set_colors
                0x0000000000002a28        0xc /home/rebble/.pebble-sdk/SDKs/current/sdk-core/pebble/aplite/lib/libpebble.a(tmp7jpKUopebble.o)
                0x0000000000002a28                status_bar_layer_set_colors
 .text.grect_inset
                0x0000000000002a34        0xc /home/rebble/.pebble-sdk/SDKs/current/sdk-core/pebble/aplite/lib/libpebble.a(tmp7jpKUopebble.o)
                0x0000000000002a34                grect_inset
 *(.rodata)
 .rodata        0x0000000000002a40      0x1a0 src/windows/flashcards.c.33.o
 .rodata        0x0000000000002be0       0x10 src/windows/kana.c.33.o
 *(.rodata*)
 .rodata.str1.1
                0x0000000000002bf0       0x58 src/c/japanese-flashcards.c.33.o
 .rodata.amounts
                0x0000000000002c48       0x20 src/windows/card_num.c.33.o
 .rodata.str1.1
                0x0000000000002c68       0x13 src/windows/card_num.c.33.o
                                         0x16 (size before relaxing)
 .rodata.str1.1
                0x0000000000002c7b       0xa2 src/windows/flashcards.c.33.o
                                         0xa5 (size before relaxing)
 *fill*         0x0000000000002d1d        0x1 
 .rodata.kana_insets.7541
                0x0000000000002d1e        0x8 src/windows/flashcards.c.33.o
 .rodata.number_insets.7548
                0x0000000000002d26        0x8 src/windows/flashcards.c.33.o
 .rodata.status_insets.7538
                0x0000000000002d2e        0x8 src/windows/flashcards.c.33.o
 .rodata.header_insets.7514
                0x0000000000002d36        0x8 src/windows/help.c.33.o
 .rodata.str1.1
                0x0000000000002d3e       0xed src/windows/help.c.33.o
                                         0xf2 (size before relaxing)
 *fill*         0x0000000000002e2b        0x1 
 .rodata.text_insets.7516
                0x0000000000002e2c        0x8 src/windows/help.c.33.o
 .rodata.str1.1
                0x0000000000002e34       0x20 src/windows/kana.c.33.o
                                         0x23 (size before relaxing)
 .rodata.label_insets.7560
                0x0000000000002e54        0x8 src/windows/preset_confirm.c.33.o
 .rodata.icon_insets.7559
                0x0000000000002e5c        0x8 src/windows/preset_confirm.c.33.o
 .rodata.str1.1
                0x0000000000002e64       0xd5 src/windows/preset_confirm.c.33.o
                                         0xf1 (size before relaxing)
 .rodata.str1.1
                0x0000000000002f39        0xc src/windows/presets.c.33.o
 .rodata.str1.1
                0x0000000000002f45       0x41 src/windows/settings.c.33.o
                                         0x59 (size before relaxing)
 .rodata.str1.1
                0x0000000000002f86       0x30 src/windows/warning.c.33.o
                                         0x4b (size before relaxing)
 .rodata.icon_insets.7522
                0x0000000000002fb6        0x8 src/windows/warning.c.33.o

.glue_7         0x0000000000002fc0        0x0
 .glue_7        0x0000000000000000        0x0 linker stubs

.glue_7t        0x0000000000002fc0        0x0
 .glue_7t       0x0000000000000000        0x0 linker stubs

.vfp11_veneer   0x0000000000002fc0        0x0
 .vfp11_veneer  0x0000000000000000        0x0 linker stubs

.v4_bx          0x0000000000002fc0        0x0
 .v4_bx         0x0000000000000000        0x0 linker stubs

.iplt           0x0000000000002fc0        0x0
 .iplt          0x0000000000000000        0x0 /home/rebble/pebble-dev/pebble-sdk-4.6-rc2-linux64/arm-cs-tools/bin/../lib/gcc/arm-none-eabi/4.7.2/thumb2/crtbegin.o

.rel.dyn        0x0000000000002fc0        0x0
 .rel.iplt      0x0000000000000000        0x0 /home/rebble/pebble-dev/pebble-sdk-4.6-rc2-linux64/arm-cs-tools/bin/../lib/gcc/arm-none-eabi/4.7.2/thumb2/crtbegin.o
 .rel.got       0x0000000000000000        0x0 /home/rebble/pebble-dev/pebble-sdk-4.6-rc2-linux64/arm-cs-tools/bin/../lib/gcc/arm-none-eabi/4.7.2/thumb2/crtbegin.o

.data           0x0000000000002fc0      0x3c4
 *(.data)
 .data          0x0000000000002fc0        0x0 /home/rebble/pebble-dev/pebble-sdk-4.6-rc2-linux64/arm-cs-tools/bin/../lib/gcc/arm-none-eabi/4.7.2/thumb2/crti.o
 .data          0x0000000000002fc0        0x4 /home/rebble/pebble-dev/pebble-sdk-4.6-rc2-linux64/arm-cs-tools/bin/../lib/gcc/arm-none-eabi/4.7.2/thumb2/crtbegin.o
                0x0000000000002fc0                __dso_handle
 .data          0x0000000000002fc4        0x0 src/c/japanese-flashcards.c.33.o
 .data          0x0000000000002fc4        0x0 src/windows/card_num.c.33.o
 .data          0x0000000000002fc4        0x0 src/windows/flashcards.c.33.o
 .data          0x0000000000002fc4        0x0 src/windows/help.c.33.o
 .data          0x0000000000002fc4        0x0 src/windows/kana.c.33.o
 .data          0x0000000000002fc4        0x0 src/windows/preset_confirm.c.33.o
 .data          0x0000000000002fc4        0x0 src/windows/presets.c.33.o
 .data          0x0000000000002fc4        0x0 src/windows/settings.c.33.o
 .data          0x0000000000002fc4        0x0 src/windows/warning.c.33.o
 .data          0x0000000000002fc4        0x0 aplite/appinfo.auto.c.33.o
 .data          0x0000000000002fc4        0x0 aplite/src/resource_ids.auto.c.33.o
 .data          0x0000000000002fc4        0x0 /home/rebble/.pebble-sdk/SDKs/current/sdk-core/pebble/aplite/lib/libpebble.a(tmp7jpKUopebble.o)
 .data          0x0000000000002fc4        0x0 /home/rebble/pebble-dev/pebble-sdk-4.6-rc2-linux64/arm-cs-tools/bin/../lib/gcc/arm-none-eabi/4.7.2/thumb2/crtend.o
 .data          0x0000000000002fc4        0x0 /home/rebble/pebble-dev/pebble-sdk-4.6-rc2-linux64/arm-cs-tools/bin/../lib/gcc/arm-none-eabi/4.7.2/thumb2/crtn.o
 *(.data.*)
 .data.kana_list.7510
                0x0000000000002fc4      0x1e0 src/windows/kana.c.33.o
 .data.kana_list.7556
                0x00000000000031a4      0x1e0 src/windows/settings.c.33.o

.igot.plt       0x0000000000003384        0x0
 .igot.plt      0x0000000000000000        0x0 /home/rebble/pebble-dev/pebble-sdk-4.6-rc2-linux64/arm-cs-tools/bin/../lib/gcc/arm-none-eabi/4.7.2/thumb2/crtbegin.o

.got            0x0000000000003384       0x20
 .got           0x0000000000003384       0x20 /home/rebble/pebble-dev/pebble-sdk-4.6-rc2-linux64/arm-cs-tools/bin/../lib/gcc/arm-none-eabi/4.7.2/thumb2/crtbegin.o

.got.plt        0x00000000000033a4        0xc
 .got.plt       0x00000000000033a4        0xc /home/rebble/pebble-dev/pebble-sdk-4.6-rc2-linux64/arm-cs-tools/bin/../lib/gcc/arm-none-eabi/4.7.2/thumb2/crtbegin.o
                0x00000000000033a4                _GLOBAL_OFFSET_TABLE_

.bss            0x00000000000033b0      0x1c4
 *(.bss)
 *(.bss.*)
 .bss.s_status_layer
                0x00000000000033b0        0x4 src/c/japanese-flashcards.c.33.o
 .bss.s_menu_layer
                0x00000000000033b4        0x4 src/c/japanese-flashcards.c.33.o
 .bss.s_main_window
                0x00000000000033b8        0x4 src/c/japanese-flashcards.c.33.o
 .bss.s_status_layer
                0x00000000000033bc        0x4 src/windows/card_num.c.33.o
 .bss.current_selected
                0x00000000000033c0        0x4 src/windows/card_num.c.33.o
 .bss.s_menu_layer
                0x00000000000033c4        0x4 src/windows/card_num.c.33.o
 .bss.s_main_window
                0x00000000000033c8        0x4 src/windows/card_num.c.33.o
 .bss.display_bounds
                0x00000000000033cc        0x8 src/windows/flashcards.c.33.o
 .bss.current_num
                0x00000000000033d4        0x4 src/windows/flashcards.c.33.o
 .bss.s_end_text_layer
                0x00000000000033d8        0x4 src/windows/flashcards.c.33.o
 .bss.s_text_layer
                0x00000000000033dc        0x4 src/windows/flashcards.c.33.o
 .bss.s_kana_layer
                0x00000000000033e0        0x4 src/windows/flashcards.c.33.o
 .bss.end_card_loaded
                0x00000000000033e4        0x1 src/windows/flashcards.c.33.o
 .bss.number_text.7579
                0x00000000000033e5        0x8 src/windows/flashcards.c.33.o
 *fill*         0x00000000000033ed        0x3 
 .bss.s_center_bitmap
                0x00000000000033f0        0x4 src/windows/flashcards.c.33.o
 .bss.s_end_header_layer
                0x00000000000033f4        0x4 src/windows/flashcards.c.33.o
 .bss.s_restart_bitmap
                0x00000000000033f8        0x4 src/windows/flashcards.c.33.o
 .bss.s_status_layer
                0x00000000000033fc        0x4 src/windows/flashcards.c.33.o
 .bss.s_number_layer
                0x0000000000003400        0x4 src/windows/flashcards.c.33.o
 .bss.s_back_bitmap
                0x0000000000003404        0x4 src/windows/flashcards.c.33.o
 .bss.s_kana_bitmap
                0x0000000000003408        0x4 src/windows/flashcards.c.33.o
 .bss.current_deck
                0x000000000000340c        0x8 src/windows/flashcards.c.33.o
 .bss.s_main_window
                0x0000000000003414        0x4 src/windows/flashcards.c.33.o
 .bss.s_action_bar_layer
                0x0000000000003418        0x4 src/windows/flashcards.c.33.o
 .bss.s_forward_bitmap
                0x000000000000341c        0x4 src/windows/flashcards.c.33.o
 .bss.s_background_layer
                0x0000000000003420        0x4 src/windows/help.c.33.o
 .bss.s_header_layer
                0x0000000000003424        0x4 src/windows/help.c.33.o
 .bss.s_text_layer
                0x0000000000003428        0x4 src/windows/help.c.33.o
 .bss.s_appear_anim
                0x000000000000342c        0x4 src/windows/help.c.33.o
 .bss.s_main_window
                0x0000000000003430        0x4 src/windows/help.c.33.o
 .bss.s_tick_black_bitmap
                0x0000000000003434        0x4 src/windows/kana.c.33.o
 .bss.s_buff.7509
                0x0000000000003438       0x1a src/windows/kana.c.33.o
 *fill*         0x0000000000003452        0x2 
 .bss.s_status_layer
                0x0000000000003454        0x4 src/windows/kana.c.33.o
 .bss.s_tick_white_bitmap
                0x0000000000003458        0x4 src/windows/kana.c.33.o
 .bss.s_menu_layer
                0x000000000000345c        0x4 src/windows/kana.c.33.o
 .bss.s_main_window
                0x0000000000003460        0x4 src/windows/kana.c.33.o
 .bss.s_buff.7561
                0x0000000000003464       0x1e src/windows/preset_confirm.c.33.o
 *fill*         0x0000000000003482        0x2 
 .bss.s_cross_bitmap
                0x0000000000003484        0x4 src/windows/preset_confirm.c.33.o
 .bss.s_tick_bitmap
                0x0000000000003488        0x4 src/windows/preset_confirm.c.33.o
 .bss.s_icon_bitmap
                0x000000000000348c        0x4 src/windows/preset_confirm.c.33.o
 .bss.s_icon_layer
                0x0000000000003490        0x4 src/windows/preset_confirm.c.33.o
 .bss.s_label_layer
                0x0000000000003494        0x4 src/windows/preset_confirm.c.33.o
 .bss.s_action_bar_layer
                0x0000000000003498        0x4 src/windows/preset_confirm.c.33.o
 .bss.s_main_window
                0x000000000000349c        0x4 src/windows/preset_confirm.c.33.o
 .bss.s_status_layer
                0x00000000000034a0        0x4 src/windows/presets.c.33.o
 .bss.s_menu_layer
                0x00000000000034a4        0x4 src/windows/presets.c.33.o
 .bss.s_main_window
                0x00000000000034a8        0x4 src/windows/presets.c.33.o
 .bss.katakana_desc
                0x00000000000034ac       0x26 src/windows/settings.c.33.o
 *fill*         0x00000000000034d2        0x2 
 .bss.s_status_layer
                0x00000000000034d4        0x4 src/windows/settings.c.33.o
 .bss.s_menu_layer
                0x00000000000034d8        0x4 src/windows/settings.c.33.o
 .bss.s_main_window
                0x00000000000034dc        0x4 src/windows/settings.c.33.o
 .bss.hiragana_desc
                0x00000000000034e0       0x26 src/windows/settings.c.33.o
 *fill*         0x0000000000003506        0x2 
 .bss.s_background_layer
                0x0000000000003508        0x4 src/windows/warning.c.33.o
 .bss.s_appear_anim
                0x000000000000350c        0x4 src/windows/warning.c.33.o
 .bss.s_icon_layer
                0x0000000000003510        0x4 src/windows/warning.c.33.o
 .bss.s_label_layer
                0x0000000000003514        0x4 src/windows/warning.c.33.o
 .bss.s_icon_bitmap
                0x0000000000003518        0x4 src/windows/warning.c.33.o
 .bss.s_main_window
                0x000000000000351c        0x4 src/windows/warning.c.33.o
 COMMON         0x0000000000003520       0x3c src/c/japanese-flashcards.c.33.o
                0x0000000000003520                current_kana
                0x0000000000003524                storage_card_number
                0x0000000000003528                card_num
                0x000000000000352c                hiragana_struct
                0x0000000000003540                katakana_struct
                0x0000000000003554                storage_katakana_selected
                0x0000000000003558                storage_hiragana_selected
 COMMON         0x000000000000355c       0x18 src/windows/preset_confirm.c.33.o
                0x000000000000355c                preset_num
                0x0000000000003560                text

DISCARD
 libc.a(*)
 libm.a(*)
 libgcc.a(*)
 *(.eh_frame)
OUTPUT(/home/rebble/Documents/japanese-flashcards/build/aplite/pebble-app.elf elf32-littlearm)

.ARM.attributes
                0x0000000000000000       0x27
 .ARM.attributes
                0x0000000000000000       0x19 /home/rebble/pebble-dev/pebble-sdk-4.6-rc2-linux64/arm-cs-tools/bin/../lib/gcc/arm-none-eabi/4.7.2/thumb2/crti.o
 .ARM.attributes
                0x0000000000000019       0x29 /home/rebble/pebble-dev/pebble-sdk-4.6-rc2-linux64/arm-cs-tools/bin/../lib/gcc/arm-none-eabi/4.7.2/thumb2/crtbegin.o
 .ARM.attributes
                0x0000000000000042       0x33 src/c/japanese-flashcards.c.33.o
 .ARM.attributes
                0x0000000000000075       0x33 src/windows/card_num.c.33.o
 .ARM.attributes
                0x00000000000000a8       0x33 src/windows/flashcards.c.33.o
 .ARM.attributes
                0x00000000000000db       0x33 src/windows/help.c.33.o
 .ARM.attributes
                0x000000000000010e       0x33 src/windows/kana.c.33.o
 .ARM.attributes
                0x0000000000000141       0x33 src/windows/preset_confirm.c.33.o
 .ARM.attributes
                0x0000000000000174       0x33 src/windows/presets.c.33.o
 .ARM.attributes
                0x00000000000001a7       0x33 src/windows/settings.c.33.o
 .ARM.attributes
                0x00000000000001da       0x33 src/windows/warning.c.33.o
 .ARM.attributes
                0x000000000000020d       0x33 aplite/appinfo.auto.c.33.o
 .ARM.attributes
                0x0000000000000240       0x33 aplite/src/resource_ids.auto.c.33.o
 .ARM.attributes
                0x0000000000000273       0x21 /home/rebble/.pebble-sdk/SDKs/current/sdk-core/pebble/aplite/lib/libpebble.a(tmp7jpKUopebble.o)
 .ARM.attributes
                0x0000000000000294       0x29 /home/rebble/pebble-dev/pebble-sdk-4.6-rc2-linux64/arm-cs-tools/bin/../lib/gcc/arm-none-eabi/4.7.2/thumb2/crtend.o
 .ARM.attributes
                0x00000000000002bd       0x19 /home/rebble/pebble-dev/pebble-sdk-4.6-rc2-linux64/arm-cs-tools/bin/../lib/gcc/arm-none-eabi/4.7.2/thumb2/crtn.o

.comment        0x0000000000000000       0x4e
 .comment       0x0000000000000000       0x4e /home/rebble/pebble-dev/pebble-sdk-4.6-rc2-linux64/arm-cs-tools/bin/../lib/gcc/arm-none-eabi/4.7.2/thumb2/crtbegin.o
                                         0x4f (size before relaxing)
 .comment       0x0000000000000000       0x4f src/c/japanese-flashcards.c.33.o
 .comment       0x0000000000000000       0x4f src/windows/card_num.c.33.o
 .comment       0x0000000000000000       0x4f src/windows/flashcards.c.33.o
 .comment       0x0000000000000000       0x4f src/windows/help.c.33.o
 .comment       0x0000000000000000       0x4f src/windows/kana.c.33.o
 .comment       0x0000000000000000       0x4f src/windows/preset_confirm.c.33.o
 .comment       0x0000000000000000       0x4f src/windows/presets.c.33.o
 .comment       0x0000000000000000       0x4f src/windows/settings.c.33.o
 .comment       0x0000000000000000       0x4f src/windows/warning.c.33.o
 .comment       0x0000000000000000       0x4f aplite/appinfo.auto.c.33.o
 .comment       0x0000000000000000       0x4f aplite/src/resource_ids.auto.c.33.o
 .comment       0x0000000000000000       0x4f /home/rebble/pebble-dev/pebble-sdk-4.6-rc2-linux64/arm-cs-tools/bin/../lib/gcc/arm-none-eabi/4.7.2/thumb2/crtend.o

.debug_info     0x0000000000000000     0xac39
 .debug_info    0x0000000000000000     0x10f4 src/c/japanese-flashcards.c.33.o
 .debug_info    0x00000000000010f4      0xf09 src/windows/card_num.c.33.o
 .debug_info    0x0000000000001ffd     0x1951 src/windows/flashcards.c.33.o
 .debug_info    0x000000000000394e      0xf05 src/windows/help.c.33.o
 .debug_info    0x0000000000004853     0x1198 src/windows/kana.c.33.o
 .debug_info    0x00000000000059eb      0xf35 src/windows/preset_confirm.c.33.o
 .debug_info    0x0000000000006920      0xd0e src/windows/presets.c.33.o
 .debug_info    0x000000000000762e     0x103e src/windows/settings.c.33.o
 .debug_info    0x000000000000866c     0x109b src/windows/warning.c.33.o
 .debug_info    0x0000000000009707      0x31a aplite/appinfo.auto.c.33.o
 .debug_info    0x0000000000009a21     0x1218 aplite/src/resource_ids.auto.c.33.o

.debug_abbrev   0x0000000000000000     0x1b6a
 .debug_abbrev  0x0000000000000000      0x3b4 src/c/japanese-flashcards.c.33.o
 .debug_abbrev  0x00000000000003b4      0x28b src/windows/card_num.c.33.o
 .debug_abbrev  0x000000000000063f      0x40c src/windows/flashcards.c.33.o
 .debug_abbrev  0x0000000000000a4b      0x23f src/windows/help.c.33.o
 .debug_abbrev  0x0000000000000c8a      0x2d4 src/windows/kana.c.33.o
 .debug_abbrev  0x0000000000000f5e      0x2d8 src/windows/preset_confirm.c.33.o
 .debug_abbrev  0x0000000000001236      0x298 src/windows/presets.c.33.o
 .debug_abbrev  0x00000000000014ce      0x36a src/windows/settings.c.33.o
 .debug_abbrev  0x0000000000001838      0x23f src/windows/warning.c.33.o
 .debug_abbrev  0x0000000000001a77       0x9e aplite/appinfo.auto.c.33.o
 .debug_abbrev  0x0000000000001b15       0x55 aplite/src/resource_ids.auto.c.33.o

.debug_loc      0x0000000000000000     0x23a9
 .debug_loc     0x0000000000000000      0x44c src/c/japanese-flashcards.c.33.o
 .debug_loc     0x000000000000044c      0x332 src/windows/card_num.c.33.o
 .debug_loc     0x000000000000077e      0x522 src/windows/flashcards.c.33.o
 .debug_loc     0x0000000000000ca0      0x2f1 src/windows/help.c.33.o
 .debug_loc     0x0000000000000f91      0x54d src/windows/kana.c.33.o
 .debug_loc     0x00000000000014de      0x4a8 src/windows/preset_confirm.c.33.o
 .debug_loc     0x0000000000001986      0x2d1 src/windows/presets.c.33.o
 .debug_loc     0x0000000000001c57      0x3f0 src/windows/settings.c.33.o
 .debug_loc     0x0000000000002047      0x362 src/windows/warning.c.33.o

.debug_aranges  0x0000000000000000      0x3b0
 .debug_aranges
                0x0000000000000000       0x70 src/c/japanese-flashcards.c.33.o
 .debug_aranges
                0x0000000000000070       0x60 src/windows/card_num.c.33.o
 .debug_aranges
                0x00000000000000d0       0x78 src/windows/flashcards.c.33.o
 .debug_aranges
                0x0000000000000148       0x58 src/windows/help.c.33.o
 .debug_aranges
                0x00000000000001a0       0x60 src/windows/kana.c.33.o
 .debug_aranges
                0x0000000000000200       0x50 src/windows/preset_confirm.c.33.o
 .debug_aranges
                0x0000000000000250       0x60 src/windows/presets.c.33.o
 .debug_aranges
                0x00000000000002b0       0x70 src/windows/settings.c.33.o
 .debug_aranges
                0x0000000000000320       0x60 src/windows/warning.c.33.o
 .debug_aranges
                0x0000000000000380       0x18 aplite/appinfo.auto.c.33.o
 .debug_aranges
                0x0000000000000398       0x18 aplite/src/resource_ids.auto.c.33.o

.debug_ranges   0x0000000000000000      0x508
 .debug_ranges  0x0000000000000000       0xc0 src/c/japanese-flashcards.c.33.o
 .debug_ranges  0x00000000000000c0       0x70 src/windows/card_num.c.33.o
 .debug_ranges  0x0000000000000130      0x1c0 src/windows/flashcards.c.33.o
 .debug_ranges  0x00000000000002f0       0x48 src/windows/help.c.33.o
 .debug_ranges  0x0000000000000338       0x68 src/windows/kana.c.33.o
 .debug_ranges  0x00000000000003a0       0x40 src/windows/preset_confirm.c.33.o
 .debug_ranges  0x00000000000003e0       0x50 src/windows/presets.c.33.o
 .debug_ranges  0x0000000000000430       0x88 src/windows/settings.c.33.o
 .debug_ranges  0x00000000000004b8       0x50 src/windows/warning.c.33.o

.debug_line     0x0000000000000000     0x1d0c
 .debug_line    0x0000000000000000      0x366 src/c/japanese-flashcards.c.33.o
 .debug_line    0x0000000000000366      0x294 src/windows/card_num.c.33.o
 .debug_line    0x00000000000005fa      0x515 src/windows/flashcards.c.33.o
 .debug_line    0x0000000000000b0f      0x216 src/windows/help.c.33.o
 .debug_line    0x0000000000000d25      0x2ca src/windows/kana.c.33.o
 .debug_line    0x0000000000000fef      0x3dc src/windows/preset_confirm.c.33.o
 .debug_line    0x00000000000013cb      0x1f6 src/windows/presets.c.33.o
 .debug_line    0x00000000000015c1      0x321 src/windows/settings.c.33.o
 .debug_line    0x00000000000018e2      0x235 src/windows/warning.c.33.o
 .debug_line    0x0000000000001b17      0x125 aplite/appinfo.auto.c.33.o
 .debug_line    0x0000000000001c3c       0xd0 aplite/src/resource_ids.auto.c.33.o

.debug_str      0x0000000000000000     0x2a50
 .debug_str     0x0000000000000000      0x86c src/c/japanese-flashcards.c.33.o
                                        0x92f (size before relaxing)
 .debug_str     0x000000000000086c       0xed src/windows/card_num.c.33.o
                                        0x845 (size before relaxing)
 .debug_str     0x0000000000000959      0x6ca src/windows/flashcards.c.33.o
                                        0xad2 (size before relaxing)
 .debug_str     0x0000000000001023      0x2fe src/windows/help.c.33.o
                                        0x7ff (size before relaxing)
 .debug_str     0x0000000000001321      0x14d src/windows/kana.c.33.o
                                        0x9fa (size before relaxing)
 .debug_str     0x000000000000146e      0x10d src/windows/preset_confirm.c.33.o
                                        0x820 (size before relaxing)
 .debug_str     0x000000000000157b       0x2d src/windows/presets.c.33.o
                                        0x769 (size before relaxing)
 .debug_str     0x00000000000015a8       0x4d src/windows/settings.c.33.o
                                        0x8bc (size before relaxing)
 .debug_str     0x00000000000015f5       0x4d src/windows/warning.c.33.o
                                        0x908 (size before relaxing)
 .debug_str     0x0000000000001642      0x22a aplite/appinfo.auto.c.33.o
                                        0x31f (size before relaxing)
 .debug_str     0x000000000000186c     0x11e4 aplite/src/resource_ids.auto.c.33.o
                                       0x12ae (size before relaxing)

.debug_frame    0x0000000000000000      0x91c
 .debug_frame   0x0000000000000000      0x118 src/c/japanese-flashcards.c.33.o
 .debug_frame   0x0000000000000118       0xec src/windows/card_num.c.33.o
 .debug_frame   0x0000000000000204      0x160 src/windows/flashcards.c.33.o
 .debug_frame   0x0000000000000364       0xf0 src/windows/help.c.33.o
 .debug_frame   0x0000000000000454       0xf4 src/windows/kana.c.33.o
 .debug_frame   0x0000000000000548       0xc4 src/windows/preset_confirm.c.33.o
 .debug_frame   0x000000000000060c       0xe8 src/windows/presets.c.33.o
 .debug_frame   0x00000000000006f4      0x11c src/windows/settings.c.33.o
 .debug_frame   0x0000000000000810      0x10c src/windows/warning.c.33.o
